* observation type base
 well01_1
 well02_1
 well03_1
 well04_1
 well05_1
 well06_1
 well07_1
 well08_1
 well09_1
 well10_1
 well11_1
 well12_1
* observation type nwell01_1
nwell01_1
* observation type nwell02_1
nwell02_1
* observation type nwell03_1
nwell03_1
* observation type nwell04_1
nwell04_1
* observation type nwell05_1
nwell05_1
* observation type nwell06_1
nwell06_1
* observation type nwell07_1
nwell07_1
* observation type nwell08_1
nwell08_1
* observation type nwell09_1
nwell09_1
* observation type nwell10_1
nwell10_1
* observation type nwell11_1
nwell11_1
* observation type nwell12_1
nwell12_1
* observation type nwell13_1
nwell13_1
* observation type nwell14_1
nwell14_1
* observation type nwell15_1
nwell15_1
* observation type nwell16_1
nwell16_1
* observation type nwell17_1
nwell17_1
* observation type nwell18_1
nwell18_1
* observation type nwell19_1
nwell19_1
* observation type nwell20_1
nwell20_1
* observation type nwell21_1
nwell21_1
* observation type nwell22_1
nwell22_1
* observation type nwell23_1
nwell23_1
* observation type nwell24_1
nwell24_1
* observation type nwell25_1
nwell25_1
* observation type nwell26_1
nwell26_1
* observation type nwell27_1
nwell27_1
* observation type nwell28_1
nwell28_1
* observation type nwell29_1
nwell29_1
* observation type nwell30_1
nwell30_1
* observation type nwell31_1
nwell31_1
* observation type nwell32_1
nwell32_1
* observation type nwell33_1
nwell33_1
* observation type nwell34_1
nwell34_1
* observation type nwell35_1
nwell35_1
* observation type nwell36_1
nwell36_1
* observation type nwell37_1
nwell37_1
* observation type nwell38_1
nwell38_1
* observation type nwell39_1
nwell39_1
* observation type nwell40_1
nwell40_1
* observation type nwell41_1
nwell41_1
* observation type nwell42_1
nwell42_1
* observation type nwell43_1
nwell43_1
* observation type nwell44_1
nwell44_1
* observation type nwell45_1
nwell45_1
* observation type nwell46_1
nwell46_1
* observation type nwell47_1
nwell47_1
* observation type nwell48_1
nwell48_1
* observation type nwell49_1
nwell49_1
* observation type nwell50_1
nwell50_1
* observation type nwell51_1
nwell51_1
* observation type nwell52_1
nwell52_1
* observation type nwell53_1
nwell53_1
* observation type nwell54_1
nwell54_1
* observation type nwell55_1
nwell55_1
* observation type nwell56_1
nwell56_1
* observation type nwell57_1
nwell57_1
* observation type nwell58_1
nwell58_1
* observation type nwell59_1
nwell59_1
* observation type nwell60_1
nwell60_1
* observation type nwell61_1
nwell61_1
* observation type nwell62_1
nwell62_1
* observation type nwell63_1
nwell63_1
* observation type nwell64_1
nwell64_1
* observation type nwell65_1
nwell65_1
* observation type nwell66_1
nwell66_1
* observation type nwell67_1
nwell67_1
* observation type nwell68_1
nwell68_1
* observation type nwell69_1
nwell69_1
* observation type nwell70_1
nwell70_1
* observation type nwell71_1
nwell71_1
* observation type nwell72_1
nwell72_1
