* parameter type none
* parameter type hk
 k_ppt1  
 k_ppt2  
 k_ppt3  
 k_ppt4  
 k_ppt5  
 k_ppt6  
 k_ppt7  
 k_ppt8  
 k_ppt9  
 k_ppt10 
 k_ppt11 
 k_ppt12 
 k_ppt13 
 k_ppt14 
 k_ppt15 
 k_ppt16 
 k_ppt17 
 k_ppt18 
 k_ppt19 
 k_ppt20 
 k_ppt21 
 k_ppt22 
 k_ppt23 
 k_ppt24 
 k_ppt25 
 k_ppt26 
 k_ppt27 
 k_ppt28 
 k_ppt29 
 k_ppt30 
 k_ppt31 
 k_ppt32 
 k_ppt33 
 k_ppt34 
 k_ppt35 
 k_ppt36 
 k_ppt37 
 k_ppt38 
 k_ppt39 
 k_ppt40 
 k_ppt41 
 k_ppt42 
 k_ppt43 
 k_ppt44 
 k_ppt45 
 k_ppt46 
 k_ppt47 
 k_ppt48 
 k_ppt49 
 k_ppt50 
 k_ppt51 
 k_ppt52 
 k_ppt53 
 k_ppt54 
 k_ppt55 
 k_ppt56 
 k_ppt57 
 k_ppt58 
 k_ppt59 
 k_ppt60 
 k_ppt61 
 k_ppt62 
 k_ppt63 
 k_ppt64 
 k_ppt65 
 k_ppt66 
 k_ppt67 
 k_ppt68 
 k_ppt69 
 k_ppt70 
 k_ppt71 
 k_ppt72 
 k_ppt73 
 k_ppt74 
 k_ppt75 
 k_ppt76 
 k_ppt77 
 k_ppt78 
 k_ppt79 
 k_ppt80 
 k_ppt81 
 k_ppt82 
 k_ppt83 
 k_ppt84 
 k_ppt85 
 k_ppt86 
 k_ppt87 
 k_ppt88 
 k_ppt89 
 k_ppt90 
 k_ppt91 
 k_ppt92 
 k_ppt93 
 k_ppt94 
 k_ppt95 
 k_ppt96 
 k_ppt97 
 k_ppt98 
 k_ppt99 
 k_ppt100
 k_ppt101
 k_ppt102
 k_ppt103
 k_ppt104
* parameter type por
 p_ppt1   
 p_ppt2   
 p_ppt3   
 p_ppt4   
 p_ppt5   
 p_ppt6   
 p_ppt7   
 p_ppt8   
 p_ppt9   
 p_ppt10  
 p_ppt11  
 p_ppt12  
 p_ppt13  
 p_ppt14  
 p_ppt15  
 p_ppt16  
 p_ppt17  
 p_ppt18  
 p_ppt19  
 p_ppt20  
 p_ppt21  
 p_ppt22  
 p_ppt23  
 p_ppt24  
 p_ppt25  
 p_ppt26  
 p_ppt27  
 p_ppt28  
 p_ppt29  
 p_ppt30  
 p_ppt31  
 p_ppt32  
 p_ppt33  
 p_ppt34  
 p_ppt35  
 p_ppt36  
 p_ppt37  
 p_ppt38  
 p_ppt39  
 p_ppt40  
 p_ppt41  
 p_ppt42  
 p_ppt43  
 p_ppt44  
 p_ppt45  
 p_ppt46  
 p_ppt47  
 p_ppt48  
 p_ppt49  
 p_ppt50  
 p_ppt51  
 p_ppt52  
 p_ppt53  
 p_ppt54  
 p_ppt55  
 p_ppt56  
 p_ppt57  
 p_ppt58  
 p_ppt59  
 p_ppt60  
 p_ppt61  
 p_ppt62  
 p_ppt63  
 p_ppt64  
 p_ppt65  
 p_ppt66  
 p_ppt67  
 p_ppt68  
 p_ppt69  
 p_ppt70  
 p_ppt71  
 p_ppt72  
 p_ppt73  
 p_ppt74  
 p_ppt75  
 p_ppt76  
 p_ppt77  
 p_ppt78  
 p_ppt79  
 p_ppt80  
 p_ppt81  
 p_ppt82  
 p_ppt83  
 p_ppt84  
 p_ppt85  
 p_ppt86  
 p_ppt87  
 p_ppt88  
 p_ppt89  
 p_ppt90  
 p_ppt91  
 p_ppt92  
 p_ppt93  
 p_ppt94  
 p_ppt95  
 p_ppt96  
 p_ppt97  
 p_ppt98  
 p_ppt99  
 p_ppt100 
 p_ppt101 
 p_ppt102 
 p_ppt103 
 p_ppt104 
 * parameter type inflow
  wel01
  wel02
  wel03
  wel04
  wel05
  wel06
  wel07
  wel08
  wel09
  wel10
  wel11
  wel12
  wel13
  wel14
  wel15
  wel16
  wel17
  wel18
  wel19
  wel20
  wel21
  wel22
  wel23
  wel24
  wel25
  wel26
  wel27
  wel28
  wel29
  wel30
  wel31
  wel32
  wel33
  wel34
  wel35
  wel36
  wel37
  wel38
  wel39
  wel40
  wel41
  wel42
  wel43
  wel44
  wel45
  wel46
  wel47
  wel48
  wel49
  wel50