* parameter type none
* parameter type hk1
 k_ppt1  
* parameter type hk2 
 k_ppt2  
* parameter type hk3 
 k_ppt3  
* parameter type hk4  
 k_ppt4  
* parameter type hk5 
 k_ppt5  
* parameter type hk6 
 k_ppt6  
* parameter type hk7 
 k_ppt7  
* parameter type hk8 
 k_ppt8  
* parameter type hk9 
 k_ppt9  
* parameter type hk10 
 k_ppt10 
* parameter type hk11 
 k_ppt11 
* parameter type hk12 
 k_ppt12 
* parameter type hk13 
 k_ppt13 
* parameter type hk14 
 k_ppt14 
* parameter type hk15 
 k_ppt15 
* parameter type hk16 
 k_ppt16 
* parameter type hk17 
 k_ppt17 
* parameter type hk18 
 k_ppt18 
* parameter type hk19 
 k_ppt19 
* parameter type hk20 
 k_ppt20 
* parameter type hk21 
 k_ppt21 
* parameter type hk22 
 k_ppt22 
* parameter type hk23 
 k_ppt23 
* parameter type hk24 
 k_ppt24 
* parameter type hk25 
 k_ppt25 
* parameter type hk26 
 k_ppt26 
* parameter type hk27 
 k_ppt27 
* parameter type hk28 
 k_ppt28 
* parameter type hk29 
 k_ppt29 
* parameter type hk30 
 k_ppt30 
* parameter type hk31 
 k_ppt31 
* parameter type hk32 
 k_ppt32 
* parameter type hk33 
 k_ppt33 
* parameter type hk34 
 k_ppt34 
* parameter type hk35 
 k_ppt35 
* parameter type hk36 
 k_ppt36 
* parameter type hk37 
 k_ppt37 
* parameter type hk38 
 k_ppt38 
* parameter type hk39 
 k_ppt39 
* parameter type hk40 
 k_ppt40 
* parameter type hk41 
 k_ppt41 
* parameter type hk42 
 k_ppt42 
* parameter type hk43 
 k_ppt43 
* parameter type hk44 
 k_ppt44 
* parameter type hk45 
 k_ppt45 
* parameter type hk46 
 k_ppt46 
* parameter type hk47 
 k_ppt47 
* parameter type hk48 
 k_ppt48 
* parameter type hk49 
 k_ppt49 
* parameter type hk50 
 k_ppt50 
* parameter type hk51 
 k_ppt51 
* parameter type hk52 
 k_ppt52 
* parameter type hk53 
 k_ppt53 
* parameter type hk54 
 k_ppt54 
* parameter type hk55 
 k_ppt55 
* parameter type hk56 
 k_ppt56 
* parameter type hk57 
 k_ppt57 
* parameter type hk58 
 k_ppt58 
* parameter type hk59 
 k_ppt59 
* parameter type hk60 
 k_ppt60 
* parameter type hk61 
 k_ppt61 
* parameter type hk62 
 k_ppt62 
* parameter type hk63 
 k_ppt63 
* parameter type hk64 
 k_ppt64 
* parameter type hk65 
 k_ppt65 
* parameter type hk66 
 k_ppt66 
* parameter type hk67 
 k_ppt67 
* parameter type hk68 
 k_ppt68 
* parameter type hk69 
 k_ppt69 
* parameter type hk70 
 k_ppt70 
* parameter type hk71 
 k_ppt71 
* parameter type hk72 
 k_ppt72 
* parameter type hk73 
 k_ppt73 
* parameter type hk74 
 k_ppt74 
* parameter type hk75 
 k_ppt75 
* parameter type hk76 
 k_ppt76 
* parameter type hk77 
 k_ppt77 
* parameter type hk78 
 k_ppt78 
* parameter type hk79 
 k_ppt79 
* parameter type hk80 
 k_ppt80 
* parameter type hk81 
 k_ppt81 
* parameter type hk82 
 k_ppt82 
* parameter type hk83 
 k_ppt83 
* parameter type hk84 
 k_ppt84 
* parameter type hk85 
 k_ppt85 
* parameter type hk86 
 k_ppt86 
* parameter type hk87 
 k_ppt87 
* parameter type hk88 
 k_ppt88 
* parameter type hk89 
 k_ppt89 
* parameter type hk90 
 k_ppt90 
* parameter type hk91 
 k_ppt91 
* parameter type hk92 
 k_ppt92 
* parameter type hk93 
 k_ppt93 
* parameter type hk94 
 k_ppt94 
* parameter type hk95 
 k_ppt95 
* parameter type hk96 
 k_ppt96 
* parameter type hk97 
 k_ppt97 
* parameter type hk98 
 k_ppt98 
* parameter type hk99 
 k_ppt99 
* parameter type hk100 
 k_ppt100
* parameter type hk101 
 k_ppt101
* parameter type hk102 
 k_ppt102
* parameter type hk103 
 k_ppt103
* parameter type hk104 
 k_ppt104
